  0 KSP Residual norm 3.02467 
  1 KSP Residual norm 1.07724 
  2 KSP Residual norm 0.605777 
  3 KSP Residual norm 0.391571 
  4 KSP Residual norm 0.0804606 
  5 KSP Residual norm 0.0244684 
  6 KSP Residual norm 0.00484444 
  7 KSP Residual norm 0.00164151 
  8 KSP Residual norm 0.000284076 
Norm of error 0.000431284 iterations 8
