[35m[ *** Cleanup *** ][0m
[35m[ *** Executing Tests *** ][0m
No tests
