['Test_1_ud', 'pass', 'verification was successful']
['Test_2_ud', 'fail', 'verification failed']
--- <<TEST DIR STRIPPED>>/test/./expected/t1.expected
+++ <<TEST DIR STRIPPED>>/test_test2_sandbox/output/sciath.job-Test_2_ud.stdout
@@ -1,3 +1,2 @@
 aBc
 kspits=30
-
