[ -- Removing output for Test: test1 -- ]
[ -- Removing output for Test: test2 -- ]
[ -- Removing output for Test: test3 -- ]
[ -- Removing output for Test: test4 -- ]
[36m[Executing test1][0m from /Users/patrick/code/sciath/tests/harness
  [cmd]  ['echo', 'Hello, I am Test #1']
[36m[Executing test2][0m from /Users/patrick/code/sciath/tests/harness
  [cmd]  ['printf', 'Hello, I am Test #2\n']
[36m[Executing test3][0m from /Users/patrick/code/sciath/tests/harness
  [cmd]  ['touch', 'test3.dat']
[36m[Executing test4][0m from /Users/patrick/code/sciath/tests/harness
  [cmd]  ['grep', 'foo', 'bar']
test1 : pass (verification was successful)
test2 : pass (verification was successful)
test3 : pass (verification was successful)
test4 : fail (verification failed)
TEST SUCCESS NOT CONFIRMED
