Residuals = [
  0.001,
  0.0002,
  1.0e-4,
  1.4434e-7
]
