
kspit = [ 1,2,3,
4,5]

kspit 12
kspit = { 20 }

kspit = { 30,40 ; 50,60 }

kspit = (100,200)

res1 = { 1.244 , 2.04; 12.32 , 78.999 }
res1 = 99.99
res1 = (12.34)


