@ -- 
@ -- Output from fake application code 
@ -- comment lines 
@ -- 
kspits 42
kspits 58
kspits 77
kspits 33
norm 2.33E+05
@ --
@ -- Output from fake application code
@ -- comment lines
@ --
kspits 42
kspits 58
kspits 21
kspits 33
norm 9.33E+07
