
[ *** Deleting Existing Test Output *** ]
[ -- Removing output for test: test1 -- ]
[ -- Removing output for test: test1_clone -- ]

[ *** Executing Tests *** ]
SciATH: Batch queueing system configuration [ SciATHBatchQueuingSystem.conf ]
  Version:          0.4.4
  Queue system:     none
  MPI launcher:     /Users/patrick/code/petsc-maint/arch-maint-extra-opt/bin/mpiexec -n <ranks>
[Executing test1] from /Users/patrick/code/sciath/examples/example8/test1_sandbox
/Users/patrick/code/petsc-maint/arch-maint-extra-opt/bin/mpiexec -n 1 /Users/patrick/code/sciath/examples/example8/./ex >> test1.output
[Executing test1_clone] from /Users/patrick/code/sciath/examples/example8/test1_clone_sandbox
/Users/patrick/code/petsc-maint/arch-maint-extra-opt/bin/mpiexec -n 1 /Users/patrick/code/sciath/examples/example8/./ex >> test1_clone.output

[ *** Verifying Test Output *** ]
[-- Verifying test: test1 --]
[Parsing file] test1.output
[Parsing file] ex.expected
[-- Verifying test: test1_clone --]
[Parsing file] test1_clone.output
[Parsing file] ex.expected


[--------- test status ----------------------]
 [test1]   passed
 [test1_clone]   passed

[--------- test report ----------------------]
  0002 tests registered
  0002 Sequential tests
  0000 MPI tests
  0002 of 0002 tests executed

 [status] SUCCESS: All registered tests passed
