
[ *** Deleting Existing Test Output *** ]
[ -- Removing output for test: ex1 -- ]

[ *** Executing Tests *** ]
SciATH: Batch queueing system configuration [ SciATHBatchQueuingSystem.conf ]
  Version:          0.4.4
  Queue system:     none
  MPI launcher:     /Users/patrick/code/petsc-maint/arch-maint-extra-opt/bin/mpiexec -n <ranks>
[Executing ex1 (1/2)]
/Users/patrick/code/petsc-maint/arch-maint-extra-opt/bin/mpiexec -n 1 /Users/patrick/code/sciath/examples/example7/./ex >> ex1.output
[Executing ex1 (2/2)]
/Users/patrick/code/petsc-maint/arch-maint-extra-opt/bin/mpiexec -n 1 /Users/patrick/code/sciath/examples/example7/./ex >> ex1.output

[ *** Verifying Test Output *** ]
[-- Verifying test: ex1 --]
[Parsing file] ex1.output
[Parsing file] /Users/patrick/code/sciath/examples/example7/ex.expected


[--------- Test Error Report ----------------------]
[ex1] expected file  : /Users/patrick/code/sciath/examples/example7/ex.expected
[ex1] output file    : ex1.output
[ex1] launch command (1/2) : /Users/patrick/code/sciath/examples/example7/./ex
[ex1] launch command (2/2) : /Users/patrick/code/sciath/examples/example7/./ex
Key = "<entire file>" --> compareLiteral [failed]
Reason: strings are different
  expected: ['kspits 42', 'kspits 58', 'kspits 77', 'kspits 33', 'norm 2.33E+05', 'kspits 42', 'kspits 58', 'kspits 21', 'kspits 33', 'norm 9.33E+07']
  input:    ['kspits 42', 'kspits 58', 'kspits 77', 'kspits 33', 'norm 2.33E+05', 'kspits 42', 'kspits 58', 'kspits 77', 'kspits 33', 'norm 2.33E+05']
  index[7] input "kspits 77" != expected "kspits 21"
  index[9] input "norm 2.33E+05" != expected "norm 9.33E+07"


[--------- test status ----------------------]
 [ex1]   *** FAILED ***

[--------- test report ----------------------]
  0001 tests registered
  0001 Sequential tests
  0000 MPI tests
  0001 of 0001 tests executed

 [status] FAIL: 1 of 1 tests executed FAILED
          0001 of 0001 executed Sequential tests failed
          0000 of 0000 executed MPI tests failed
xxx============================================================================xxx
     tests failed - Full error report written to errorReport.log
                  - Please inspect the error log file and resolve failed tests
     cat /Users/patrick/code/sciath/examples/example7/errorReport.log
xxx============================================================================xxx
