Script running.
data file contents: data data data
