[35m[ *** Cleanup *** ][0m
[ -- Removing output for Test: test1 -- ]
[ -- Removing output for Test: test2 -- ]
[ -- Removing output for Test: test3 -- ]
[ -- Removing output for Test: test4 -- ]
[35m[ *** Executing Tests *** ][0m
[SciATH] Batch queueing system configuration [SciATHBatchQueuingSystem.conf]
  Version:           0.6.0
  Queue system:      none
  MPI launcher:      none
[36m[Executing job][0m from <<TEST DIR STRIPPED>>/harness2_sandbox/test1_output/sandbox
echo 'Hello, I am Test #1'
[36m[Executing job][0m from <<TEST DIR STRIPPED>>/harness2_sandbox/test2_output/sandbox
printf 'Hello, I am Test #2\n'
[36m[Executing job][0m from <<TEST DIR STRIPPED>>/harness2_sandbox/test3_output/sandbox
touch test3.dat
[36m[Executing job][0m from <<TEST DIR STRIPPED>>/harness2_sandbox/test4_output/sandbox
grep foo bar
[35m[ *** Verification Reports *** ][0m
[36m[Report for test4][0m
[ExitCodeDiff] Expected exit code(s): [0]
[ExitCodeDiff] Output exit code(s)  : [2]
[35m[ *** Summary *** ][0m
[32m[test1]  pass[0m (verification was successful)
[32m[test2]  pass[0m (verification was successful)
[32m[test3]  pass[0m (verification was successful)
[91m[test4]  fail[0m (verification failed)

[91mFAILURE[0m
To re-run failed tests, use e.g.
  -t test4
