No tests

Report written to file:
  <<TEST DIR STRIPPED>>/module_smoke_sandbox/sciath_test_report.txt
