[35m[ *** Cleanup *** ][0m
[ -- Removing output for Test: varying_ranks -- ]

[35m[ *** Executing Tests *** ][0m
[SciATH] Batch queueing system configuration [SciATH_launcher.conf]
  Version:           0.13.0
  MPI launcher:      /Users/patrick/code/petsc/arch-mpich-only/bin/mpiexec -n <ranks>
  Submit command:    sh
  Blocking:          True
  Job-level ranks:   False
[36m[Executing varying_ranks][0m from <<TEST DIR STRIPPED>>/mpi_different_ranks_execute_sandbox/varying_ranks_output/sandbox
sh <<TEST DIR STRIPPED>>/mpi_different_ranks_execute_sandbox/varying_ranks_output/varying_ranks.sh
[SciATH] Not verifying or reporting
