[35m[ *** Cleanup *** ][0m
[ -- Removing output for Test: two_ranks -- ]

[35m[ *** Executing Tests *** ][0m
[SciATH] Batch queueing system configuration [SciATHBatchQueuingSystem.conf]
  Version:           0.7.0
  Queue system:      none
  MPI launcher:      /Users/patrick/code/petsc/arch-mpich-only/bin/mpiexec -n <ranks>
[36m[Executing two_ranks][0m from <<TEST DIR STRIPPED>>/mpi_smoke_two_ranks_execute_sandbox/two_ranks_output/sandbox
/Users/patrick/code/petsc/arch-mpich-only/bin/mpiexec -n 2 echo foo
[SciATH] Not verifying or reporting
