test1
0

test1a
0

test1b
0

test1c
0

test2
2

test3
2

test4
2

test4b
3

test4c
3

test5
3
2

test6
3
0

test6b
2
2

test7
0
0

test8
0
0

test9
0
0

