[Test_1] True None
[Test_2] True None
[Test_3] False None
[ExitCodeDiff] Expected exit code(s): [1]
[ExitCodeDiff] Output exit code(s)  : [0]
[Test_4] True None
